src/hooks/useDisputes.ts(52,21): error TS2352: Conversion of type '{ id: any; description: any; amount: any; group_id: any; groups: { id: any; name: any; }[]; }[]' to type '{ description: string; amount: number; group_id: string; groups: { name: string; }; }' may be a mistake because neither type sufficiently overlaps with the other. If this was intentional, convert the expression to 'unknown' first.
  Type '{ id: any; description: any; amount: any; group_id: any; groups: { id: any; name: any; }[]; }[]' is missing the following properties from type '{ description: string; amount: number; group_id: string; groups: { name: string; }; }': description, amount, group_id, groups
src/hooks/useDisputes.ts(53,33): error TS2352: Conversion of type '{ id: any; display_name: any; }[]' to type '{ display_name: string | null; }' may be a mistake because neither type sufficiently overlaps with the other. If this was intentional, convert the expression to 'unknown' first.
  Property 'display_name' is missing in type '{ id: any; display_name: any; }[]' but required in type '{ display_name: string | null; }'.
src/hooks/useDisputes.ts(54,16): error TS2352: Conversion of type '{ groupName: string | undefined; expenseDescription: string | undefined; expenseAmount: number | undefined; raisedByName: string; id: any; expense_id: any; raised_by: any; reason: any; ... 6 more ...; profiles: { ...; }[]; }' to type 'DisputeWithDetail' may be a mistake because neither type sufficiently overlaps with the other. If this was intentional, convert the expression to 'unknown' first.
  Types of property 'expenses' are incompatible.
    Type '{ id: any; description: any; amount: any; group_id: any; groups: { id: any; name: any; }[]; }[]' is missing the following properties from type 'Expense': id, group_id, description, amount, and 12 more.
src/hooks/useGroupDetail.ts(114,18): error TS2352: Conversion of type '{ id: any; group_id: any; user_id: any; role: any; joined_at: any; profiles: { id: any; display_name: any; phone: any; }[]; }[]' to type 'GroupMember[]' may be a mistake because neither type sufficiently overlaps with the other. If this was intentional, convert the expression to 'unknown' first.
  Type '{ id: any; group_id: any; user_id: any; role: any; joined_at: any; profiles: { id: any; display_name: any; phone: any; }[]; }' is not comparable to type 'GroupMember'.
    Types of property 'profiles' are incompatible.
      Type '{ id: any; display_name: any; phone: any; }[]' is missing the following properties from type 'Profile': id, display_name, phone, language, and 2 more.
src/hooks/useGroups.ts(38,46): error TS2352: Conversion of type '{ id: any; name: any; description: any; group_type: any; invite_token: any; }[]' to type '{ id: string; }' may be a mistake because neither type sufficiently overlaps with the other. If this was intentional, convert the expression to 'unknown' first.
  Property 'id' is missing in type '{ id: any; name: any; description: any; group_type: any; invite_token: any; }[]' but required in type '{ id: string; }'.
src/hooks/useGroups.ts(87,19): error TS2352: Conversion of type '{ id: any; name: any; description: any; group_type: any; invite_token: any; }[]' to type '{ id: string; name: string; description: string | null; group_type: string; invite_token: string | null; }' may be a mistake because neither type sufficiently overlaps with the other. If this was intentional, convert the expression to 'unknown' first.
  Type '{ id: any; name: any; description: any; group_type: any; invite_token: any; }[]' is missing the following properties from type '{ id: string; name: string; description: string | null; group_type: string; invite_token: string | null; }': id, name, description, group_type, invite_token
